// Jest Snapshot v1, https://goo.gl/fbAQLP

exports[` 1`] = `
.c0 {
  background: #101010;
  border: 2px solid #FFD700;
  color: #CBCCD8;
  display: -webkit-box;
  display: -webkit-flex;
  display: -ms-flexbox;
  display: flex;
  -webkit-flex-direction: column;
  -ms-flex-direction: column;
  flex-direction: column;
  -webkit-box-pack: center;
  -webkit-justify-content: center;
  -ms-flex-pack: center;
  justify-content: center;
  -webkit-align-items: center;
  -webkit-box-align: center;
  -ms-flex-align: center;
  align-items: center;
  -webkit-align-items: stretch;
  -webkit-box-align: stretch;
  -ms-flex-align: stretch;
  align-items: stretch;
  gap: 1rem;
  padding: 1rem;
}

.c0 .header {
  display: -webkit-box;
  display: -webkit-flex;
  display: -ms-flexbox;
  display: flex;
  -webkit-box-pack: center;
  -webkit-justify-content: center;
  -ms-flex-pack: center;
  justify-content: center;
  -webkit-align-items: center;
  -webkit-box-align: center;
  -ms-flex-align: center;
  align-items: center;
  font-size: 1.2rem;
  gap: 1rem;
}

.c0 .header > svg {
  font-size: 3rem;
  color: #108800;
  font-weight: bold;
}

.c0 .body {
  display: -webkit-box;
  display: -webkit-flex;
  display: -ms-flexbox;
  display: flex;
  -webkit-align-items: center;
  -webkit-box-align: center;
  -ms-flex-align: center;
  align-items: center;
  gap: 1rem;
}

.c0 .body .turns {
  font-size: 2rem;
  color: #108800;
  font-weight: bold;
}

<article
  className="c0"
/>
`;
